<html>
<body>
<pre>
<h1>µVision Build Log</h1>
<h2>Tool Versions:</h2>
IDE-Version: ¶ÃVision V5.24.2.0
Copyright (C) 2017 ARM Ltd and ARM Germany GmbH. All rights reserved.
License Information: 1 ¿Ó¡ËÃŒ, 2, LIC=S5IVE-5P2CF-AWR2F-6Q0YX-59IMI-5KG5Q
 
Tool Versions:
Toolchain:       MDK-ARM Professional  Version: 5.24.1
Toolchain Path:  D:\32 keil\ARM\ARMCC\Bin
C Compiler:      Armcc.exe V5.06 update 5 (build 528)
Assembler:       Armasm.exe V5.06 update 5 (build 528)
Linker/Locator:  ArmLink.exe V5.06 update 5 (build 528)
Library Manager: ArmAr.exe V5.06 update 5 (build 528)
Hex Converter:   FromElf.exe V5.06 update 5 (build 528)
CPU DLL:         SARMCM3.DLL V5.24.1
Dialog DLL:      DCM.DLL V1.16.0.0
Target DLL:      STLink\ST-LINKIII-KEIL_SWO.dll V3.0.1.0
Dialog DLL:      TCM.DLL V1.32.0.0
 
<h2>Project:</h2>
C:\Users\¿Ó¡ËÃŒ\Desktop\STM32_F4\STM32_F4\Project\temple.uvprojx
Project File Date:  10/23/2024

<h2>Output:</h2>
*** Using Compiler 'V5.06 update 5 (build 528)', folder: 'D:\32 keil\ARM\ARMCC\Bin'
Build target 'Target 1'
compiling main.c...
..\Project\LED.h(9): warning:  #1295-D: Deprecated declaration led - give arg types
  void led();
..\User\main.c(26): warning:  #223-D: function "key_Init" declared implicitly
  	key_Init();
..\User\main.c(45): warning:  #223-D: function "u2_send_byte" declared implicitly
  		u2_send_byte(humi);
..\User\main.c(49): warning:  #223-D: function "key1_detect" declared implicitly
  		if(key1_detect()==1){
..\User\main.c(60): warning:  #223-D: function "key2_detect" declared implicitly
  		else if(key2_detect()==1){
..\User\main.c(71): warning:  #223-D: function "key3_detect" declared implicitly
  		else if(key3_detect()==1){
..\User\main.c(81): warning:  #223-D: function "key4_detect" declared implicitly
  		else if(key4_detect()==1){
..\User\main.c: 7 warnings, 0 errors
linking...
Program Size: Code=4340 RO-data=424 RW-data=140 ZI-data=2060  
FromELF: creating hex file...
".\Objects\temple.axf" - 0 Error(s), 7 Warning(s).

<h2>Software Packages used:</h2>

Package Vendor: Keil
                http://www.keil.com/pack/Keil.STM32F4xx_DFP.1.0.8.pack
                Keil.STM32F4xx_DFP.1.0.8
                STMicroelectronics STM32F4 Series Device Support, Drivers and Examples

<h2>Collection of Component include folders:</h2>
  .\RTE\_Target_1
  D:\32 keil\ARM\PACK\Keil\STM32F4xx_DFP\1.0.8\Device\Include

<h2>Collection of Component Files used:</h2>
Build Time Elapsed:  00:00:03
</pre>
</body>
</html>
